WARNING:werkzeug: * Debugger is active!
INFO:werkzeug: * Debugger PIN: 145-241-739
INFO:werkzeug:127.0.0.1 - - [05/Apr/2020 23:28:49] "[32mGET /auth/logout HTTP/1.1[0m" 302 -
INFO:werkzeug:127.0.0.1 - - [05/Apr/2020 23:28:49] "[37mGET / HTTP/1.1[0m" 200 -
INFO:werkzeug:127.0.0.1 - - [05/Apr/2020 23:28:51] "[37mGET /auth/register HTTP/1.1[0m" 200 -
DEBUG:root:username user4, password user4
INFO:werkzeug:127.0.0.1 - - [05/Apr/2020 23:29:06] "[32mPOST /auth/register HTTP/1.1[0m" 302 -
INFO:werkzeug:127.0.0.1 - - [05/Apr/2020 23:29:06] "[37mGET /auth/login HTTP/1.1[0m" 200 -
INFO:werkzeug: * Detected change in '/Users/leosun/study/flask-demo/flaskr/auth.py', reloading
2020-04-05 23:31:47,620
2020-04-05 23:31:47,657
2020-04-05 23:32:20,115
2020-04-05 23:32:46,128:INFO
2020-04-05 23:32:46,724:INFO: * Debugger PIN: 145-241-739
2020-04-05 23:57:29,989:INFO: * Detected change in '/Users/leosun/study/flask-demo/flaskr/auth.py', reloading
